// Jest Snapshot v1, https://goo.gl/fbAQLP

exports[`Should compile java code and place it in the build folder 1`] = `
"works!
"
`;

exports[`Should exit if the current directory isn't a NetBeans project 1`] = `
"Not a netbeans project
"
`;
